total 156
-rw-r--r-- 1 root root  15236 Jan  1 12:30 access.log
drwxr-xr-x 2 root root   4096 Jan  1 12:00 app
-rw-r--r-- 1 root root   8924 Jan  1 12:29 error.log
-rw-r--r-- 1 root root   3251 Jan  1 12:15 nginx.log
drwxr-xr-x 2 root root   4096 Jan  1 12:00 old