total 64
drwxr-xr-x 1 root root 4096 Jan  1 12:00 bin
drwxr-xr-x 2 root root 4096 Jan  1 12:00 boot
drwxr-xr-x 5 root root  340 Jan  1 12:00 dev
drwxr-xr-x 1 root root 4096 Jan  1 12:00 etc
drwxr-xr-x 2 root root 4096 Jan  1 12:00 home
drwxr-xr-x 1 root root 4096 Jan  1 12:00 lib
drwxr-xr-x 2 root root 4096 Jan  1 12:00 lib64
drwxr-xr-x 2 root root 4096 Jan  1 12:00 media
drwxr-xr-x 2 root root 4096 Jan  1 12:00 mnt
drwxr-xr-x 2 root root 4096 Jan  1 12:00 opt
dr-xr-xr-x 187 root root    0 Jan  1 12:00 proc
drwx------ 2 root root 4096 Jan  1 12:00 root
drwxr-xr-x 1 root root 4096 Jan  1 12:00 run
drwxr-xr-x 2 root root 4096 Jan  1 12:00 sbin
drwxr-xr-x 2 root root 4096 Jan  1 12:00 srv
dr-xr-xr-x 13 root root    0 Jan  1 12:00 sys
drwxrwxrwt 1 root root 4096 Jan  1 12:00 tmp
drwxr-xr-x 1 root root 4096 Jan  1 12:00 usr
drwxr-xr-x 1 root root 4096 Jan  1 12:00 var